// Jest Snapshot v1, https://goo.gl/fbAQLP

exports[`Developer Screen screen renders correctly 1`] = `
<RNCSafeAreaView
  edges={
    [
      "bottom",
      "left",
      "right",
    ]
  }
  style={
    {
      "flex": 1,
    }
  }
>
  <RCTScrollView
    style={
      {
        "backgroundColor": "#000000",
      }
    }
  >
    <View>
      <View
        style={
          [
            {
              "alignItems": "center",
              "backgroundColor": "#313132",
            },
            {
              "alignItems": "center",
              "backgroundColor": "#313132",
              "flexDirection": "row",
            },
          ]
        }
      >
        <Text
          accessibilityRole="header"
          style={
            [
              {
                "color": "#FFFFFF",
                "fontSize": 26,
                "fontWeight": "bold",
              },
              {
                "flexShrink": 1,
              },
            ]
          }
        >
          Settings.Developer
        </Text>
      </View>
      <View
        style={
          {
            "borderBottomColor": "#D3D3D3",
            "borderBottomWidth": 1,
          }
        }
      >
        <View
          style={
            [
              {
                "alignItems": "center",
                "backgroundColor": "#313132",
              },
              {
                "paddingVertical": 12,
              },
              undefined,
            ]
          }
        >
          <View
            style={
              {
                "alignItems": "center",
                "flexDirection": "row",
              }
            }
          >
            <Text
              style={
                {
                  "color": "#FFFFFF",
                  "flex": 1,
                  "flexWrap": "wrap",
                  "fontSize": 21,
                  "fontWeight": "normal",
                }
              }
            >
              Developer.DeveloperMode
            </Text>
            <RCTSwitch
              accessibilityLabel="Developer.Toggle"
              accessibilityRole="switch"
              onChange={[Function]}
              onResponderTerminationRequest={[Function]}
              onStartShouldSetResponder={[Function]}
              onTintColor="rgba(53, 130, 63, 0.35)"
              style={
                [
                  {
                    "height": 31,
                    "width": 51,
                  },
                  {
                    "backgroundColor": "#D3D3D3",
                    "borderRadius": 16,
                  },
                ]
              }
              thumbTintColor="#42803E"
              tintColor="#D3D3D3"
              value={true}
            />
          </View>
        </View>
      </View>
      <View
        style={
          {
            "borderBottomColor": "#D3D3D3",
            "borderBottomWidth": 1,
          }
        }
      >
        <View
          style={
            [
              {
                "alignItems": "center",
                "backgroundColor": "#313132",
              },
              {
                "paddingVertical": 12,
              },
              undefined,
            ]
          }
        >
          <View
            style={
              {
                "alignItems": "center",
                "flexDirection": "row",
              }
            }
          >
            <Text
              style={
                {
                  "color": "#FFFFFF",
                  "flex": 1,
                  "flexWrap": "wrap",
                  "fontSize": 21,
                  "fontWeight": "normal",
                }
              }
            >
              Settings.ManageEnvironment
            </Text>
            <RCTSwitch
              accessibilityLabel="Settings.ToggleManageEnvironment"
              accessibilityRole="switch"
              onChange={[Function]}
              onResponderTerminationRequest={[Function]}
              onStartShouldSetResponder={[Function]}
              onTintColor="rgba(53, 130, 63, 0.35)"
              style={
                [
                  {
                    "height": 31,
                    "width": 51,
                  },
                  {
                    "backgroundColor": "#D3D3D3",
                    "borderRadius": 16,
                  },
                ]
              }
              thumbTintColor="#606060"
              tintColor="#D3D3D3"
              value={false}
            />
          </View>
        </View>
      </View>
      <View
        style={
          {
            "borderBottomColor": "#D3D3D3",
            "borderBottomWidth": 1,
          }
        }
      >
        <View
          style={
            [
              {
                "alignItems": "center",
                "backgroundColor": "#313132",
              },
              {
                "paddingVertical": 12,
              },
              undefined,
            ]
          }
        >
          <View
            style={
              {
                "alignItems": "center",
                "flexDirection": "row",
              }
            }
          >
            <Text
              style={
                {
                  "color": "#FFFFFF",
                  "flex": 1,
                  "flexWrap": "wrap",
                  "fontSize": 21,
                  "fontWeight": "normal",
                }
              }
            >
              Verifier.UseVerifierCapability
            </Text>
            <RCTSwitch
              accessibilityLabel="Verifier.Toggle"
              accessibilityRole="switch"
              onChange={[Function]}
              onResponderTerminationRequest={[Function]}
              onStartShouldSetResponder={[Function]}
              onTintColor="rgba(53, 130, 63, 0.35)"
              style={
                [
                  {
                    "height": 31,
                    "width": 51,
                  },
                  {
                    "backgroundColor": "#D3D3D3",
                    "borderRadius": 16,
                  },
                ]
              }
              thumbTintColor="#606060"
              tintColor="#D3D3D3"
              value={false}
            />
          </View>
        </View>
      </View>
      <View
        style={
          {
            "borderBottomColor": "#D3D3D3",
            "borderBottomWidth": 1,
          }
        }
      >
        <View
          style={
            [
              {
                "alignItems": "center",
                "backgroundColor": "#313132",
              },
              {
                "paddingVertical": 12,
              },
              undefined,
            ]
          }
        >
          <View
            style={
              {
                "alignItems": "center",
                "flexDirection": "row",
              }
            }
          >
            <Text
              style={
                {
                  "color": "#FFFFFF",
                  "flex": 1,
                  "flexWrap": "wrap",
                  "fontSize": 21,
                  "fontWeight": "normal",
                }
              }
            >
              Verifier.AcceptDevCredentials
            </Text>
            <RCTSwitch
              accessibilityLabel="Verifier.Toggle"
              accessibilityRole="switch"
              onChange={[Function]}
              onResponderTerminationRequest={[Function]}
              onStartShouldSetResponder={[Function]}
              onTintColor="rgba(53, 130, 63, 0.35)"
              style={
                [
                  {
                    "height": 31,
                    "width": 51,
                  },
                  {
                    "backgroundColor": "#D3D3D3",
                    "borderRadius": 16,
                  },
                ]
              }
              thumbTintColor="#606060"
              tintColor="#D3D3D3"
              value={false}
            />
          </View>
        </View>
      </View>
      <View
        style={
          {
            "borderBottomColor": "#D3D3D3",
            "borderBottomWidth": 1,
          }
        }
      >
        <View
          style={
            [
              {
                "alignItems": "center",
                "backgroundColor": "#313132",
              },
              {
                "paddingVertical": 12,
              },
              undefined,
            ]
          }
        >
          <View
            style={
              {
                "alignItems": "center",
                "flexDirection": "row",
              }
            }
          >
            <Text
              style={
                {
                  "color": "#FFFFFF",
                  "flex": 1,
                  "flexWrap": "wrap",
                  "fontSize": 21,
                  "fontWeight": "normal",
                }
              }
            >
              Connection.UseConnectionInviterCapability
            </Text>
            <RCTSwitch
              accessibilityLabel="Connection.Toggle"
              accessibilityRole="switch"
              onChange={[Function]}
              onResponderTerminationRequest={[Function]}
              onStartShouldSetResponder={[Function]}
              onTintColor="rgba(53, 130, 63, 0.35)"
              style={
                [
                  {
                    "height": 31,
                    "width": 51,
                  },
                  {
                    "backgroundColor": "#D3D3D3",
                    "borderRadius": 16,
                  },
                ]
              }
              thumbTintColor="#606060"
              tintColor="#D3D3D3"
              value={false}
            />
          </View>
        </View>
      </View>
      <View
        style={
          {
            "borderBottomColor": "#D3D3D3",
            "borderBottomWidth": 1,
          }
        }
      >
        <View
          style={
            [
              {
                "alignItems": "center",
                "backgroundColor": "#313132",
              },
              {
                "paddingVertical": 12,
              },
              undefined,
            ]
          }
        >
          <View
            style={
              {
                "alignItems": "center",
                "flexDirection": "row",
              }
            }
          >
            <Text
              style={
                {
                  "color": "#FFFFFF",
                  "flex": 1,
                  "flexWrap": "wrap",
                  "fontSize": 21,
                  "fontWeight": "normal",
                }
              }
            >
              Verifier.UseDevVerifierTemplates
            </Text>
            <RCTSwitch
              accessibilityLabel="Verifier.ToggleDevTemplates"
              accessibilityRole="switch"
              onChange={[Function]}
              onResponderTerminationRequest={[Function]}
              onStartShouldSetResponder={[Function]}
              onTintColor="rgba(53, 130, 63, 0.35)"
              style={
                [
                  {
                    "height": 31,
                    "width": 51,
                  },
                  {
                    "backgroundColor": "#D3D3D3",
                    "borderRadius": 16,
                  },
                ]
              }
              thumbTintColor="#606060"
              tintColor="#D3D3D3"
              value={false}
            />
          </View>
        </View>
      </View>
      <View
        style={
          {
            "borderBottomColor": "#D3D3D3",
            "borderBottomWidth": 1,
          }
        }
      >
        <View
          style={
            [
              {
                "alignItems": "center",
                "backgroundColor": "#313132",
              },
              {
                "paddingVertical": 12,
              },
              undefined,
            ]
          }
        >
          <View
            style={
              {
                "alignItems": "center",
                "flexDirection": "row",
              }
            }
          >
            <Text
              style={
                {
                  "color": "#FFFFFF",
                  "flex": 1,
                  "flexWrap": "wrap",
                  "fontSize": 21,
                  "fontWeight": "normal",
                }
              }
            >
              NameWallet.EnableWalletNaming
            </Text>
            <RCTSwitch
              accessibilityLabel="NameWallet.ToggleWalletNaming"
              accessibilityRole="switch"
              onChange={[Function]}
              onResponderTerminationRequest={[Function]}
              onStartShouldSetResponder={[Function]}
              onTintColor="rgba(53, 130, 63, 0.35)"
              style={
                [
                  {
                    "height": 31,
                    "width": 51,
                  },
                  {
                    "backgroundColor": "#D3D3D3",
                    "borderRadius": 16,
                  },
                ]
              }
              thumbTintColor="#606060"
              tintColor="#D3D3D3"
              value={false}
            />
          </View>
        </View>
      </View>
      <View
        style={
          {
            "borderBottomColor": "#D3D3D3",
            "borderBottomWidth": 1,
          }
        }
      >
        <View
          style={
            [
              {
                "alignItems": "center",
                "backgroundColor": "#313132",
              },
              {
                "paddingVertical": 12,
              },
              undefined,
            ]
          }
        >
          <View
            style={
              {
                "alignItems": "center",
                "flexDirection": "row",
              }
            }
          >
            <Text
              style={
                {
                  "color": "#FFFFFF",
                  "flex": 1,
                  "flexWrap": "wrap",
                  "fontSize": 21,
                  "fontWeight": "normal",
                }
              }
            >
              Settings.PreventAutoLock
            </Text>
            <RCTSwitch
              accessibilityLabel="Settings.TogglePreventAutoLock"
              accessibilityRole="switch"
              onChange={[Function]}
              onResponderTerminationRequest={[Function]}
              onStartShouldSetResponder={[Function]}
              onTintColor="rgba(53, 130, 63, 0.35)"
              style={
                [
                  {
                    "height": 31,
                    "width": 51,
                  },
                  {
                    "backgroundColor": "#D3D3D3",
                    "borderRadius": 16,
                  },
                ]
              }
              thumbTintColor="#606060"
              tintColor="#D3D3D3"
              value={false}
            />
          </View>
        </View>
      </View>
      <View>
        <View
          style={
            [
              {
                "alignItems": "center",
                "backgroundColor": "#313132",
              },
              {
                "paddingVertical": 12,
              },
              undefined,
            ]
          }
        >
          <View
            style={
              {
                "alignItems": "center",
                "flexDirection": "row",
              }
            }
          >
            <Text
              style={
                {
                  "color": "#FFFFFF",
                  "flex": 1,
                  "flexWrap": "wrap",
                  "fontSize": 21,
                  "fontWeight": "normal",
                }
              }
            >
              Settings.ForcedUpdates
            </Text>
            <RCTSwitch
              accessibilityLabel="Settings.ToggleForcedUpdates"
              accessibilityRole="switch"
              onChange={[Function]}
              onResponderTerminationRequest={[Function]}
              onStartShouldSetResponder={[Function]}
              onTintColor="rgba(53, 130, 63, 0.35)"
              style={
                [
                  {
                    "height": 31,
                    "width": 51,
                  },
                  {
                    "backgroundColor": "#D3D3D3",
                    "borderRadius": 16,
                  },
                ]
              }
              thumbTintColor="#606060"
              tintColor="#D3D3D3"
              value={false}
            />
          </View>
        </View>
      </View>
    </View>
  </RCTScrollView>
</RNCSafeAreaView>
`;
